This file contains any messages produced by compilers while
running configure, to aid debugging if configure makes a mistake.

It was created by my_app configure 1.0, which was
generated by GNU Autoconf 2.71.  Invocation command line was

  $ ./configure

## --------- ##
## Platform. ##
## --------- ##

hostname = codespaces-bd8dc1
uname -m = x86_64
uname -r = 6.8.0-1030-azure
uname -s = Linux
uname -v = #35~22.04.1-Ubuntu SMP Mon May 26 18:08:30 UTC 2025

/usr/bin/uname -p = x86_64
/bin/uname -X     = unknown

/bin/arch              = x86_64
/usr/bin/arch -k       = unknown
/usr/convex/getsysinfo = unknown
/usr/bin/hostinfo      = unknown
/bin/machine           = unknown
/usr/bin/oslevel       = unknown
/bin/universe          = unknown

PATH: /usr/local/rvm/gems/ruby-3.4.7/bin/
PATH: /usr/local/rvm/gems/ruby-3.4.7@global/bin/
PATH: /usr/local/rvm/rubies/ruby-3.4.7/bin/
PATH: /vscode/bin/linux-x64/591199df409fbf59b4b52d5ad4ee0470152a9b31/bin/remote-cli/
PATH: /home/codespace/.local/bin/
PATH: /home/codespace/.dotnet/
PATH: /home/codespace/nvm/current/bin/
PATH: /home/codespace/.php/current/bin/
PATH: /home/codespace/.python/current/bin/
PATH: /home/codespace/java/current/bin/
PATH: /home/codespace/.ruby/current/bin/
PATH: /home/codespace/.local/bin/
PATH: /usr/local/python/current/bin/
PATH: /usr/local/py-utils/bin/
PATH: /usr/local/jupyter/
PATH: /usr/local/oryx/
PATH: /usr/local/go/bin/
PATH: /go/bin/
PATH: /usr/local/sdkman/bin/
PATH: /usr/local/sdkman/candidates/java/current/bin/
PATH: /usr/local/sdkman/candidates/gradle/current/bin/
PATH: /usr/local/sdkman/candidates/maven/current/bin/
PATH: /usr/local/sdkman/candidates/ant/current/bin/
PATH: /usr/local/rvm/gems/default/bin/
PATH: /usr/local/rvm/gems/default@global/bin/
PATH: /usr/local/rvm/rubies/default/bin/
PATH: /usr/local/share/rbenv/bin/
PATH: /usr/local/php/current/bin/
PATH: /opt/conda/bin/
PATH: /usr/local/nvs/
PATH: /usr/local/share/nvm/versions/node/v24.11.1/bin/
PATH: /usr/local/hugo/bin/
PATH: /usr/local/sbin/
PATH: /usr/local/bin/
PATH: /usr/sbin/
PATH: /usr/bin/
PATH: /sbin/
PATH: /bin/
PATH: /usr/share/dotnet/
PATH: /home/codespace/.dotnet/tools/
PATH: /usr/local/rvm/bin/


## ----------- ##
## Core tests. ##
## ----------- ##

configure:2097: looking for aux files: compile missing install-sh
configure:2110:  trying ./
configure:2139:   ./compile found
configure:2139:   ./missing found
configure:2121:   ./install-sh found
configure:2268: checking for a BSD-compatible install
configure:2341: result: /usr/bin/install -c
configure:2352: checking whether build environment is sane
configure:2407: result: yes
configure:2566: checking for a race-free mkdir -p
configure:2610: result: /usr/bin/mkdir -p
configure:2617: checking for gawk
configure:2638: found /usr/bin/gawk
configure:2649: result: gawk
configure:2660: checking whether make sets $(MAKE)
configure:2683: result: yes
configure:2713: checking whether make supports nested variables
configure:2731: result: yes
configure:2930: checking for gcc
configure:2951: found /usr/bin/gcc
configure:2962: result: gcc
configure:3315: checking for C compiler version
configure:3324: gcc --version >&5
gcc (Ubuntu 13.3.0-6ubuntu2~24.04) 13.3.0
Copyright (C) 2023 Free Software Foundation, Inc.
This is free software; see the source for copying conditions.  There is NO
warranty; not even for MERCHANTABILITY or FITNESS FOR A PARTICULAR PURPOSE.

configure:3335: $? = 0
configure:3324: gcc -v >&5
Using built-in specs.
COLLECT_GCC=gcc
COLLECT_LTO_WRAPPER=/usr/libexec/gcc/x86_64-linux-gnu/13/lto-wrapper
OFFLOAD_TARGET_NAMES=nvptx-none:amdgcn-amdhsa
OFFLOAD_TARGET_DEFAULT=1
Target: x86_64-linux-gnu
Configured with: ../src/configure -v --with-pkgversion='Ubuntu 13.3.0-6ubuntu2~24.04' --with-bugurl=file:///usr/share/doc/gcc-13/README.Bugs --enable-languages=c,ada,c++,go,d,fortran,objc,obj-c++,m2 --prefix=/usr --with-gcc-major-version-only --program-suffix=-13 --program-prefix=x86_64-linux-gnu- --enable-shared --enable-linker-build-id --libexecdir=/usr/libexec --without-included-gettext --enable-threads=posix --libdir=/usr/lib --enable-nls --enable-bootstrap --enable-clocale=gnu --enable-libstdcxx-debug --enable-libstdcxx-time=yes --with-default-libstdcxx-abi=new --enable-libstdcxx-backtrace --enable-gnu-unique-object --disable-vtable-verify --enable-plugin --enable-default-pie --with-system-zlib --enable-libphobos-checking=release --with-target-system-zlib=auto --enable-objc-gc=auto --enable-multiarch --disable-werror --enable-cet --with-arch-32=i686 --with-abi=m64 --with-multilib-list=m32,m64,mx32 --enable-multilib --with-tune=generic --enable-offload-targets=nvptx-none=/build/gcc-13-fG75Ri/gcc-13-13.3.0/debian/tmp-nvptx/usr,amdgcn-amdhsa=/build/gcc-13-fG75Ri/gcc-13-13.3.0/debian/tmp-gcn/usr --enable-offload-defaulted --without-cuda-driver --enable-checking=release --build=x86_64-linux-gnu --host=x86_64-linux-gnu --target=x86_64-linux-gnu --with-build-config=bootstrap-lto-lean --enable-link-serialization=2
Thread model: posix
Supported LTO compression algorithms: zlib zstd
gcc version 13.3.0 (Ubuntu 13.3.0-6ubuntu2~24.04) 
... rest of stderr output deleted ...
configure:3335: $? = 0
configure:3324: gcc -V >&5
gcc: error: unrecognized command-line option '-V'
gcc: fatal error: no input files
compilation terminated.
configure:3335: $? = 1
configure:3324: gcc -qversion >&5
gcc: error: unrecognized command-line option '-qversion'; did you mean '--version'?
gcc: fatal error: no input files
compilation terminated.
configure:3335: $? = 1
configure:3324: gcc -version >&5
gcc: error: unrecognized command-line option '-version'
gcc: fatal error: no input files
compilation terminated.
configure:3335: $? = 1
configure:3355: checking whether the C compiler works
configure:3377: gcc    conftest.c  >&5
configure:3381: $? = 0
configure:3431: result: yes
configure:3434: checking for C compiler default output file name
configure:3436: result: a.out
configure:3442: checking for suffix of executables
configure:3449: gcc -o conftest    conftest.c  >&5
configure:3453: $? = 0
configure:3476: result: 
configure:3498: checking whether we are cross compiling
configure:3506: gcc -o conftest    conftest.c  >&5
configure:3510: $? = 0
configure:3517: ./conftest
configure:3521: $? = 0
configure:3536: result: no
configure:3541: checking for suffix of object files
configure:3564: gcc -c   conftest.c >&5
configure:3568: $? = 0
configure:3590: result: o
configure:3594: checking whether the compiler supports GNU C
configure:3614: gcc -c   conftest.c >&5
configure:3614: $? = 0
configure:3624: result: yes
configure:3635: checking whether gcc accepts -g
configure:3656: gcc -c -g  conftest.c >&5
configure:3656: $? = 0
configure:3700: result: yes
configure:3720: checking for gcc option to enable C11 features
configure:3735: gcc  -c -g -O2  conftest.c >&5
configure:3735: $? = 0
configure:3753: result: none needed
configure:3869: checking whether gcc understands -c and -o together
configure:3892: gcc -c conftest.c -o conftest2.o
configure:3895: $? = 0
configure:3892: gcc -c conftest.c -o conftest2.o
configure:3895: $? = 0
configure:3907: result: yes
configure:3927: checking whether make supports the include directive
configure:3942: make -f confmf.GNU && cat confinc.out
this is the am__doit target
configure:3945: $? = 0
configure:3964: result: yes (GNU style)
configure:3990: checking dependency style of gcc
configure:4102: result: gcc3
configure:4223: checking that generated files are newer than configure
configure:4229: result: done
configure:4252: creating ./config.status

## ---------------------- ##
## Running config.status. ##
## ---------------------- ##

This file was extended by my_app config.status 1.0, which was
generated by GNU Autoconf 2.71.  Invocation command line was

  CONFIG_FILES    = 
  CONFIG_HEADERS  = 
  CONFIG_LINKS    = 
  CONFIG_COMMANDS = 
  $ ./config.status 

on codespaces-bd8dc1

config.status:836: creating Makefile
config.status:836: creating config.h
config.status:1017: config.h is unchanged
config.status:1065: executing depfiles commands
config.status:1142: cd .       && sed -e '/# am--include-marker/d' Makefile         | make -f - am--depfiles
make: Nothing to be done for 'am--depfiles'.
config.status:1147: $? = 0

## ---------------- ##
## Cache variables. ##
## ---------------- ##

ac_cv_c_compiler_gnu=yes
ac_cv_env_CC_set=
ac_cv_env_CC_value=
ac_cv_env_CFLAGS_set=
ac_cv_env_CFLAGS_value=
ac_cv_env_CPPFLAGS_set=
ac_cv_env_CPPFLAGS_value=
ac_cv_env_LDFLAGS_set=
ac_cv_env_LDFLAGS_value=
ac_cv_env_LIBS_set=
ac_cv_env_LIBS_value=
ac_cv_env_build_alias_set=
ac_cv_env_build_alias_value=
ac_cv_env_host_alias_set=
ac_cv_env_host_alias_value=
ac_cv_env_target_alias_set=
ac_cv_env_target_alias_value=
ac_cv_objext=o
ac_cv_path_install='/usr/bin/install -c'
ac_cv_path_mkdir=/usr/bin/mkdir
ac_cv_prog_AWK=gawk
ac_cv_prog_ac_ct_CC=gcc
ac_cv_prog_cc_c11=
ac_cv_prog_cc_g=yes
ac_cv_prog_cc_stdc=
ac_cv_prog_make_make_set=yes
am_cv_CC_dependencies_compiler_type=gcc3
am_cv_make_support_nested_variables=yes
am_cv_prog_cc_c_o=yes

## ----------------- ##
## Output variables. ##
## ----------------- ##

ACLOCAL='${SHELL} '\''/workspaces/System-Programming-Kulikov-430/my_program/missing'\'' aclocal-1.16'
AMDEPBACKSLASH='\'
AMDEP_FALSE='#'
AMDEP_TRUE=''
AMTAR='$${TAR-tar}'
AM_BACKSLASH='\'
AM_DEFAULT_V='$(AM_DEFAULT_VERBOSITY)'
AM_DEFAULT_VERBOSITY='1'
AM_V='$(V)'
AUTOCONF='${SHELL} '\''/workspaces/System-Programming-Kulikov-430/my_program/missing'\'' autoconf'
AUTOHEADER='${SHELL} '\''/workspaces/System-Programming-Kulikov-430/my_program/missing'\'' autoheader'
AUTOMAKE='${SHELL} '\''/workspaces/System-Programming-Kulikov-430/my_program/missing'\'' automake-1.16'
AWK='gawk'
CC='gcc'
CCDEPMODE='depmode=gcc3'
CFLAGS='-g -O2'
CPPFLAGS=''
CSCOPE='cscope'
CTAGS='ctags'
CYGPATH_W='echo'
DEFS='-DHAVE_CONFIG_H'
DEPDIR='.deps'
ECHO_C=''
ECHO_N='-n'
ECHO_T=''
ETAGS='etags'
EXEEXT=''
INSTALL_DATA='${INSTALL} -m 644'
INSTALL_PROGRAM='${INSTALL}'
INSTALL_SCRIPT='${INSTALL}'
INSTALL_STRIP_PROGRAM='$(install_sh) -c -s'
LDFLAGS=''
LIBOBJS=''
LIBS=''
LTLIBOBJS=''
MAKEINFO='${SHELL} '\''/workspaces/System-Programming-Kulikov-430/my_program/missing'\'' makeinfo'
MKDIR_P='/usr/bin/mkdir -p'
OBJEXT='o'
PACKAGE='my_app'
PACKAGE_BUGREPORT='my_email@gmail.com'
PACKAGE_NAME='my_app'
PACKAGE_STRING='my_app 1.0'
PACKAGE_TARNAME='my_app'
PACKAGE_URL=''
PACKAGE_VERSION='1.0'
PATH_SEPARATOR=':'
SET_MAKE=''
SHELL='/bin/bash'
STRIP=''
VERSION='1.0'
ac_ct_CC='gcc'
am__EXEEXT_FALSE=''
am__EXEEXT_TRUE='#'
am__fastdepCC_FALSE='#'
am__fastdepCC_TRUE=''
am__include='include'
am__isrc=''
am__leading_dot='.'
am__nodep='_no'
am__quote=''
am__tar='$${TAR-tar} chof - "$$tardir"'
am__untar='$${TAR-tar} xf -'
bindir='${exec_prefix}/bin'
build_alias=''
datadir='${datarootdir}'
datarootdir='${prefix}/share'
docdir='${datarootdir}/doc/${PACKAGE_TARNAME}'
dvidir='${docdir}'
exec_prefix='${prefix}'
host_alias=''
htmldir='${docdir}'
includedir='${prefix}/include'
infodir='${datarootdir}/info'
install_sh='${SHELL} /workspaces/System-Programming-Kulikov-430/my_program/install-sh'
libdir='${exec_prefix}/lib'
libexecdir='${exec_prefix}/libexec'
localedir='${datarootdir}/locale'
localstatedir='${prefix}/var'
mandir='${datarootdir}/man'
mkdir_p='$(MKDIR_P)'
oldincludedir='/usr/include'
pdfdir='${docdir}'
prefix='/usr/local'
program_transform_name='s,x,x,'
psdir='${docdir}'
runstatedir='${localstatedir}/run'
sbindir='${exec_prefix}/sbin'
sharedstatedir='${prefix}/com'
sysconfdir='${prefix}/etc'
target_alias=''

## ----------- ##
## confdefs.h. ##
## ----------- ##

/* confdefs.h */
#define PACKAGE_NAME "my_app"
#define PACKAGE_TARNAME "my_app"
#define PACKAGE_VERSION "1.0"
#define PACKAGE_STRING "my_app 1.0"
#define PACKAGE_BUGREPORT "my_email@gmail.com"
#define PACKAGE_URL ""
#define PACKAGE "my_app"
#define VERSION "1.0"

configure: exit 0

## ---------------------- ##
## Running config.status. ##
## ---------------------- ##

This file was extended by my_app config.status 1.0, which was
generated by GNU Autoconf 2.71.  Invocation command line was

  CONFIG_FILES    = 
  CONFIG_HEADERS  = 
  CONFIG_LINKS    = 
  CONFIG_COMMANDS = 
  $ ./config.status Makefile depfiles

on codespaces-bd8dc1

config.status:836: creating Makefile
config.status:1065: executing depfiles commands
config.status:1142: cd .       && sed -e '/# am--include-marker/d' Makefile         | make -f - am--depfiles
make[1]: Entering directory '/workspaces/System-Programming-Kulikov-430/my_program'
make[1]: Leaving directory '/workspaces/System-Programming-Kulikov-430/my_program'
config.status:1147: $? = 0
