ls: cannot access '/noexistfile': No such file or directory
